14:03:12 **** Rebuild of configuration Debug for project Aufgabenblock__2 ****
Info: Internal Builder is used for build
g++ -std=c++17 "-IC:\\boost" -O0 -g3 -Wall -c -fmessage-length=0 -o Fahrend.o "..\\Fahrend.cpp" 
g++ -std=c++17 "-IC:\\boost" -O0 -g3 -Wall -c -fmessage-length=0 -o PKW.o "..\\PKW.cpp" 
In file included from ..\PKW.cpp:12:
..\SimuClient.h:2: warning: ignoring '#pragma warning ' [-Wunknown-pragmas]
    2 | #pragma warning (disable:4786)
      | 
g++ -std=c++17 "-IC:\\boost" -O0 -g3 -Wall -c -fmessage-length=0 -o main.o "..\\main.cpp" 
In file included from ..\main.cpp:24:
..\SimuClient.h:2: warning: ignoring '#pragma warning ' [-Wunknown-pragmas]
    2 | #pragma warning (disable:4786)
      | 
g++ -std=c++17 "-IC:\\boost" -O0 -g3 -Wall -c -fmessage-length=0 -o Losfahren.o "..\\Losfahren.cpp" 
g++ -std=c++17 "-IC:\\boost" -O0 -g3 -Wall -c -fmessage-length=0 -o SimuClient.o "..\\SimuClient.cpp" 
In file included from ..\SimuClient.cpp:1:
..\SimuClient.h:2: warning: ignoring '#pragma warning ' [-Wunknown-pragmas]
    2 | #pragma warning (disable:4786)
      | 
g++ -std=c++17 "-IC:\\boost" -O0 -g3 -Wall -c -fmessage-length=0 -o Streckende.o "..\\Streckende.cpp" 
g++ -std=c++17 "-IC:\\boost" -O0 -g3 -Wall -c -fmessage-length=0 -o Fahrausnahme.o "..\\Fahrausnahme.cpp" 
g++ -std=c++17 "-IC:\\boost" -O0 -g3 -Wall -c -fmessage-length=0 -o Verhalten.o "..\\Verhalten.cpp" 
g++ -std=c++17 "-IC:\\boost" -O0 -g3 -Wall -c -fmessage-length=0 -o Weg.o "..\\Weg.cpp" 
g++ -std=c++17 "-IC:\\boost" -O0 -g3 -Wall -c -fmessage-length=0 -o Kreuzung.o "..\\Kreuzung.cpp" 
g++ -std=c++17 "-IC:\\boost" -O0 -g3 -Wall -c -fmessage-length=0 -o SimuClientSocket.o "..\\SimuClientSocket.cpp" 
g++ -std=c++17 "-IC:\\boost" -O0 -g3 -Wall -c -fmessage-length=0 -o Simulationsobjekt.o "..\\Simulationsobjekt.cpp" 
In file included from ..\Simulationsobjekt.cpp:8:
..\Simulationsobjekt.h: In constructor 'Simulationsobjekt::Simulationsobjekt()':
..\Simulationsobjekt.h:18:15: warning: 'Simulationsobjekt::p_iID' will be initialized after [-Wreorder]
   18 |     const int p_iID;
      |               ^~~~~
..\Simulationsobjekt.h:17:12: warning:   'double Simulationsobjekt::p_dZeit' [-Wreorder]
   17 |     double p_dZeit;
      |            ^~~~~~~
..\Simulationsobjekt.cpp:14:1: warning:   when initialized here [-Wreorder]
   14 | Simulationsobjekt::Simulationsobjekt() : p_sName("-"), p_iID(++p_iMaxID), p_dZeit(0.0) {
      | ^~~~~~~~~~~~~~~~~
..\Simulationsobjekt.h: In constructor 'Simulationsobjekt::Simulationsobjekt(const std::string&)':
..\Simulationsobjekt.h:18:15: warning: 'Simulationsobjekt::p_iID' will be initialized after [-Wreorder]
   18 |     const int p_iID;
      |               ^~~~~
..\Simulationsobjekt.h:17:12: warning:   'double Simulationsobjekt::p_dZeit' [-Wreorder]
   17 |     double p_dZeit;
      |            ^~~~~~~
..\Simulationsobjekt.cpp:18:1: warning:   when initialized here [-Wreorder]
   18 | Simulationsobjekt::Simulationsobjekt(const std::string& sName) : p_sName(sName), p_iID(++p_iMaxID), p_dZeit(0.0) {
      | ^~~~~~~~~~~~~~~~~
g++ -std=c++17 "-IC:\\boost" -O0 -g3 -Wall -c -fmessage-length=0 -o Fahrzeug.o "..\\Fahrzeug.cpp" 
g++ -std=c++17 "-IC:\\boost" -O0 -g3 -Wall -c -fmessage-length=0 -o Parkend.o "..\\Parkend.cpp" 
g++ -std=c++17 "-IC:\\boost" -O0 -g3 -Wall -c -fmessage-length=0 -o Fahrrad.o "..\\Fahrrad.cpp" 
In file included from ..\Fahrrad.cpp:8:
..\SimuClient.h:2: warning: ignoring '#pragma warning ' [-Wunknown-pragmas]
    2 | #pragma warning (disable:4786)
      | 
g++ "-LC:\\boost\\libs" -o Aufgabenblock__2.exe Fahrausnahme.o Fahrend.o Fahrrad.o Fahrzeug.o Kreuzung.o Losfahren.o PKW.o Parkend.o SimuClient.o SimuClientSocket.o Simulationsobjekt.o Streckende.o Verhalten.o Weg.o main.o -lws2_32 
C:/mingw64/bin/../lib/gcc/x86_64-w64-mingw32/13.1.0/../../../../x86_64-w64-mingw32/bin/ld.exe: cannot open output file Aufgabenblock__2.exe: Permission denied
collect2.exe: error: ld returned 1 exit status
14:03:49 **** Incremental Build of configuration Debug for project Aufgabenblock__2 ****
Info: Internal Builder is used for build
g++ "-LC:\\boost\\libs" -o Aufgabenblock__2.exe Fahrausnahme.o Fahrend.o Fahrrad.o Fahrzeug.o Kreuzung.o Losfahren.o PKW.o Parkend.o SimuClient.o SimuClientSocket.o Simulationsobjekt.o Streckende.o Verhalten.o Weg.o main.o -lws2_32 
C:/mingw64/bin/../lib/gcc/x86_64-w64-mingw32/13.1.0/../../../../x86_64-w64-mingw32/bin/ld.exe: cannot open output file Aufgabenblock__2.exe: Permission denied
collect2.exe: error: ld returned 1 exit status
14:04:18 **** Incremental Build of configuration Debug for project Aufgabenblock__2 ****
Info: Internal Builder is used for build
g++ -std=c++17 "-IC:\\boost" -O0 -g3 -Wall -c -fmessage-length=0 -o Simulationsobjekt.o "..\\Simulationsobjekt.cpp" 
In file included from ..\Simulationsobjekt.cpp:8:
..\Simulationsobjekt.h: In constructor 'Simulationsobjekt::Simulationsobjekt()':
..\Simulationsobjekt.h:18:15: warning: 'Simulationsobjekt::p_iID' will be initialized after [-Wreorder]
   18 |     const int p_iID;
      |               ^~~~~
..\Simulationsobjekt.h:17:12: warning:   'double Simulationsobjekt::p_dZeit' [-Wreorder]
   17 |     double p_dZeit;
      |            ^~~~~~~
..\Simulationsobjekt.cpp:14:1: warning:   when initialized here [-Wreorder]
   14 | Simulationsobjekt::Simulationsobjekt() : p_sName("-"), p_iID(++p_iMaxID), p_dZeit(0.0) {
      | ^~~~~~~~~~~~~~~~~
..\Simulationsobjekt.h: In constructor 'Simulationsobjekt::Simulationsobjekt(const std::string&)':
..\Simulationsobjekt.h:18:15: warning: 'Simulationsobjekt::p_iID' will be initialized after [-Wreorder]
   18 |     const int p_iID;
      |               ^~~~~
..\Simulationsobjekt.h:17:12: warning:   'double Simulationsobjekt::p_dZeit' [-Wreorder]
   17 |     double p_dZeit;
      |            ^~~~~~~
..\Simulationsobjekt.cpp:18:1: warning:   when initialized here [-Wreorder]
   18 | Simulationsobjekt::Simulationsobjekt(const std::string& sName) : p_sName(sName), p_iID(++p_iMaxID), p_dZeit(0.0) {
      | ^~~~~~~~~~~~~~~~~
g++ "-LC:\\boost\\libs" -o Aufgabenblock__2.exe Fahrausnahme.o Fahrend.o Fahrrad.o Fahrzeug.o Kreuzung.o Losfahren.o PKW.o Parkend.o SimuClient.o SimuClientSocket.o Simulationsobjekt.o Streckende.o Verhalten.o Weg.o main.o -lws2_32 
C:/mingw64/bin/../lib/gcc/x86_64-w64-mingw32/13.1.0/../../../../x86_64-w64-mingw32/bin/ld.exe: cannot open output file Aufgabenblock__2.exe: Permission denied
collect2.exe: error: ld returned 1 exit status
14:06:57 **** Incremental Build of configuration Debug for project Aufgabenblock__2 ****
Info: Internal Builder is used for build
g++ "-LC:\\boost\\libs" -o Aufgabenblock__2.exe Fahrausnahme.o Fahrend.o Fahrrad.o Fahrzeug.o Kreuzung.o Losfahren.o PKW.o Parkend.o SimuClient.o SimuClientSocket.o Simulationsobjekt.o Streckende.o Verhalten.o Weg.o main.o -lws2_32 
C:/mingw64/bin/../lib/gcc/x86_64-w64-mingw32/13.1.0/../../../../x86_64-w64-mingw32/bin/ld.exe: cannot open output file Aufgabenblock__2.exe: Permission denied
collect2.exe: error: ld returned 1 exit status
14:08:04 **** Incremental Build of configuration Debug for project Aufgabenblock__2 ****
Info: Internal Builder is used for build
g++ "-LC:\\boost\\libs" -o Aufgabenblock__2.exe Fahrausnahme.o Fahrend.o Fahrrad.o Fahrzeug.o Kreuzung.o Losfahren.o PKW.o Parkend.o SimuClient.o SimuClientSocket.o Simulationsobjekt.o Streckende.o Verhalten.o Weg.o main.o -lws2_32 
14:08:21 **** Incremental Build of configuration Debug for project Aufgabenblock__2 ****
Info: Internal Builder is used for build
g++ -std=c++17 "-IC:\\boost" -O0 -g3 -Wall -c -fmessage-length=0 -o Simulationsobjekt.o "..\\Simulationsobjekt.cpp" 
In file included from ..\Simulationsobjekt.cpp:8:
..\Simulationsobjekt.h: In constructor 'Simulationsobjekt::Simulationsobjekt()':
..\Simulationsobjekt.h:18:15: warning: 'Simulationsobjekt::p_iID' will be initialized after [-Wreorder]
   18 |     const int p_iID;
      |               ^~~~~
..\Simulationsobjekt.h:17:12: warning:   'double Simulationsobjekt::p_dZeit' [-Wreorder]
   17 |     double p_dZeit;
      |            ^~~~~~~
..\Simulationsobjekt.cpp:14:1: warning:   when initialized here [-Wreorder]
   14 | Simulationsobjekt::Simulationsobjekt() : p_sName("-"), p_iID(++p_iMaxID), p_dZeit(0.0) {
      | ^~~~~~~~~~~~~~~~~
..\Simulationsobjekt.h: In constructor 'Simulationsobjekt::Simulationsobjekt(const std::string&)':
..\Simulationsobjekt.h:18:15: warning: 'Simulationsobjekt::p_iID' will be initialized after [-Wreorder]
   18 |     const int p_iID;
      |               ^~~~~
..\Simulationsobjekt.h:17:12: warning:   'double Simulationsobjekt::p_dZeit' [-Wreorder]
   17 |     double p_dZeit;
      |            ^~~~~~~
..\Simulationsobjekt.cpp:18:1: warning:   when initialized here [-Wreorder]
   18 | Simulationsobjekt::Simulationsobjekt(const std::string& sName) : p_sName(sName), p_iID(++p_iMaxID), p_dZeit(0.0) {
      | ^~~~~~~~~~~~~~~~~
g++ "-LC:\\boost\\libs" -o Aufgabenblock__2.exe Fahrausnahme.o Fahrend.o Fahrrad.o Fahrzeug.o Kreuzung.o Losfahren.o PKW.o Parkend.o SimuClient.o SimuClientSocket.o Simulationsobjekt.o Streckende.o Verhalten.o Weg.o main.o -lws2_32 
14:08:34 **** Incremental Build of configuration Debug for project Aufgabenblock__2 ****
Info: Internal Builder is used for build
g++ -std=c++17 "-IC:\\boost" -O0 -g3 -Wall -c -fmessage-length=0 -o Simulationsobjekt.o "..\\Simulationsobjekt.cpp" 
In file included from ..\Simulationsobjekt.cpp:8:
..\Simulationsobjekt.h: In constructor 'Simulationsobjekt::Simulationsobjekt()':
..\Simulationsobjekt.h:18:15: warning: 'Simulationsobjekt::p_iID' will be initialized after [-Wreorder]
   18 |     const int p_iID;
      |               ^~~~~
..\Simulationsobjekt.h:17:12: warning:   'double Simulationsobjekt::p_dZeit' [-Wreorder]
   17 |     double p_dZeit;
      |            ^~~~~~~
..\Simulationsobjekt.cpp:14:1: warning:   when initialized here [-Wreorder]
   14 | Simulationsobjekt::Simulationsobjekt() : p_sName("-"), p_iID(++p_iMaxID), p_dZeit(0.0) {
      | ^~~~~~~~~~~~~~~~~
..\Simulationsobjekt.h: In constructor 'Simulationsobjekt::Simulationsobjekt(const std::string&)':
..\Simulationsobjekt.h:18:15: warning: 'Simulationsobjekt::p_iID' will be initialized after [-Wreorder]
   18 |     const int p_iID;
      |               ^~~~~
..\Simulationsobjekt.h:17:12: warning:   'double Simulationsobjekt::p_dZeit' [-Wreorder]
   17 |     double p_dZeit;
      |            ^~~~~~~
..\Simulationsobjekt.cpp:18:1: warning:   when initialized here [-Wreorder]
   18 | Simulationsobjekt::Simulationsobjekt(const std::string& sName) : p_sName(sName), p_iID(++p_iMaxID), p_dZeit(0.0) {
      | ^~~~~~~~~~~~~~~~~
g++ "-LC:\\boost\\libs" -o Aufgabenblock__2.exe Fahrausnahme.o Fahrend.o Fahrrad.o Fahrzeug.o Kreuzung.o Losfahren.o PKW.o Parkend.o SimuClient.o SimuClientSocket.o Simulationsobjekt.o Streckende.o Verhalten.o Weg.o main.o -lws2_32 
14:08:55 **** Incremental Build of configuration Debug for project Aufgabenblock__2 ****
Info: Internal Builder is used for build
g++ -std=c++17 "-IC:\\boost" -O0 -g3 -Wall -c -fmessage-length=0 -o Simulationsobjekt.o "..\\Simulationsobjekt.cpp" 
In file included from ..\Simulationsobjekt.cpp:8:
..\Simulationsobjekt.h: In constructor 'Simulationsobjekt::Simulationsobjekt()':
..\Simulationsobjekt.h:18:15: warning: 'Simulationsobjekt::p_iID' will be initialized after [-Wreorder]
   18 |     const int p_iID;
      |               ^~~~~
..\Simulationsobjekt.h:17:12: warning:   'double Simulationsobjekt::p_dZeit' [-Wreorder]
   17 |     double p_dZeit;
      |            ^~~~~~~
..\Simulationsobjekt.cpp:14:1: warning:   when initialized here [-Wreorder]
   14 | Simulationsobjekt::Simulationsobjekt() : p_sName("-"), p_iID(++p_iMaxID), p_dZeit(0.0) {
      | ^~~~~~~~~~~~~~~~~
..\Simulationsobjekt.h: In constructor 'Simulationsobjekt::Simulationsobjekt(const std::string&)':
..\Simulationsobjekt.h:18:15: warning: 'Simulationsobjekt::p_iID' will be initialized after [-Wreorder]
   18 |     const int p_iID;
      |               ^~~~~
..\Simulationsobjekt.h:17:12: warning:   'double Simulationsobjekt::p_dZeit' [-Wreorder]
   17 |     double p_dZeit;
      |            ^~~~~~~
..\Simulationsobjekt.cpp:18:1: warning:   when initialized here [-Wreorder]
   18 | Simulationsobjekt::Simulationsobjekt(const std::string& sName) : p_sName(sName), p_iID(++p_iMaxID), p_dZeit(0.0) {
      | ^~~~~~~~~~~~~~~~~
g++ "-LC:\\boost\\libs" -o Aufgabenblock__2.exe Fahrausnahme.o Fahrend.o Fahrrad.o Fahrzeug.o Kreuzung.o Losfahren.o PKW.o Parkend.o SimuClient.o SimuClientSocket.o Simulationsobjekt.o Streckende.o Verhalten.o Weg.o main.o -lws2_32 
Info: Nothing to build for Aufgabenblock__2
14:11:04 **** Incremental Build of configuration Debug for project Aufgabenblock__2 ****
Info: Internal Builder is used for build
g++ -std=c++17 "-IC:\\boost" -O0 -g3 -Wall -c -fmessage-length=0 -o main.o "..\\main.cpp" 
In file included from ..\main.cpp:24:
..\SimuClient.h:2: warning: ignoring '#pragma warning ' [-Wunknown-pragmas]
    2 | #pragma warning (disable:4786)
      | 
g++ "-LC:\\boost\\libs" -o Aufgabenblock__2.exe Fahrausnahme.o Fahrend.o Fahrrad.o Fahrzeug.o Kreuzung.o Losfahren.o PKW.o Parkend.o SimuClient.o SimuClientSocket.o Simulationsobjekt.o Streckende.o Verhalten.o Weg.o main.o -lws2_32 
14:13:21 **** Incremental Build of configuration Debug for project Aufgabenblock__2 ****
Info: Internal Builder is used for build
g++ -std=c++17 "-IC:\\boost" -O0 -g3 -Wall -c -fmessage-length=0 -o main.o "..\\main.cpp" 
In file included from ..\main.cpp:24:
..\SimuClient.h:2: warning: ignoring '#pragma warning ' [-Wunknown-pragmas]
    2 | #pragma warning (disable:4786)
      | 
g++ "-LC:\\boost\\libs" -o Aufgabenblock__2.exe Fahrausnahme.o Fahrend.o Fahrrad.o Fahrzeug.o Kreuzung.o Losfahren.o PKW.o Parkend.o SimuClient.o SimuClientSocket.o Simulationsobjekt.o Streckende.o Verhalten.o Weg.o main.o -lws2_32 
14:15:49 **** Incremental Build of configuration Debug for project Aufgabenblock__2 ****
Info: Internal Builder is used for build
g++ -std=c++17 "-IC:\\boost" -O0 -g3 -Wall -c -fmessage-length=0 -o main.o "..\\main.cpp" 
In file included from ..\main.cpp:24:
..\SimuClient.h:2: warning: ignoring '#pragma warning ' [-Wunknown-pragmas]
    2 | #pragma warning (disable:4786)
      | 
g++ -std=c++17 "-IC:\\boost" -O0 -g3 -Wall -c -fmessage-length=0 -o Weg.o "..\\Weg.cpp" 
g++ "-LC:\\boost\\libs" -o Aufgabenblock__2.exe Fahrausnahme.o Fahrend.o Fahrrad.o Fahrzeug.o Kreuzung.o Losfahren.o PKW.o Parkend.o SimuClient.o SimuClientSocket.o Simulationsobjekt.o Streckende.o Verhalten.o Weg.o main.o -lws2_32 
14:16:31 **** Incremental Build of configuration Debug for project Aufgabenblock__2 ****
Info: Internal Builder is used for build
g++ -std=c++17 "-IC:\\boost" -O0 -g3 -Wall -c -fmessage-length=0 -o Weg.o "..\\Weg.cpp" 
g++ "-LC:\\boost\\libs" -o Aufgabenblock__2.exe Fahrausnahme.o Fahrend.o Fahrrad.o Fahrzeug.o Kreuzung.o Losfahren.o PKW.o Parkend.o SimuClient.o SimuClientSocket.o Simulationsobjekt.o Streckende.o Verhalten.o Weg.o main.o -lws2_32 
14:16:45 **** Incremental Build of configuration Debug for project Aufgabenblock__2 ****
Info: Internal Builder is used for build
g++ -std=c++17 "-IC:\\boost" -O0 -g3 -Wall -c -fmessage-length=0 -o Weg.o "..\\Weg.cpp" 
g++ "-LC:\\boost\\libs" -o Aufgabenblock__2.exe Fahrausnahme.o Fahrend.o Fahrrad.o Fahrzeug.o Kreuzung.o Losfahren.o PKW.o Parkend.o SimuClient.o SimuClientSocket.o Simulationsobjekt.o Streckende.o Verhalten.o Weg.o main.o -lws2_32 
14:16:58 **** Incremental Build of configuration Debug for project Aufgabenblock__2 ****
Info: Internal Builder is used for build
g++ -std=c++17 "-IC:\\boost" -O0 -g3 -Wall -c -fmessage-length=0 -o Weg.o "..\\Weg.cpp" 
g++ "-LC:\\boost\\libs" -o Aufgabenblock__2.exe Fahrausnahme.o Fahrend.o Fahrrad.o Fahrzeug.o Kreuzung.o Losfahren.o PKW.o Parkend.o SimuClient.o SimuClientSocket.o Simulationsobjekt.o Streckende.o Verhalten.o Weg.o main.o -lws2_32 
14:17:16 **** Incremental Build of configuration Debug for project Aufgabenblock__2 ****
Info: Internal Builder is used for build
g++ -std=c++17 "-IC:\\boost" -O0 -g3 -Wall -c -fmessage-length=0 -o Weg.o "..\\Weg.cpp" 
g++ "-LC:\\boost\\libs" -o Aufgabenblock__2.exe Fahrausnahme.o Fahrend.o Fahrrad.o Fahrzeug.o Kreuzung.o Losfahren.o PKW.o Parkend.o SimuClient.o SimuClientSocket.o Simulationsobjekt.o Streckende.o Verhalten.o Weg.o main.o -lws2_32 
14:19:14 **** Incremental Build of configuration Debug for project Aufgabenblock__2 ****
Info: Internal Builder is used for build
g++ -std=c++17 "-IC:\\boost" -O0 -g3 -Wall -c -fmessage-length=0 -o Weg.o "..\\Weg.cpp" 
g++ -std=c++17 "-IC:\\boost" -O0 -g3 -Wall -c -fmessage-length=0 -o main.o "..\\main.cpp" 
In file included from ..\main.cpp:24:
..\SimuClient.h:2: warning: ignoring '#pragma warning ' [-Wunknown-pragmas]
    2 | #pragma warning (disable:4786)
      | 
g++ "-LC:\\boost\\libs" -o Aufgabenblock__2.exe Fahrausnahme.o Fahrend.o Fahrrad.o Fahrzeug.o Kreuzung.o Losfahren.o PKW.o Parkend.o SimuClient.o SimuClientSocket.o Simulationsobjekt.o Streckende.o Verhalten.o Weg.o main.o -lws2_32 
14:22:11 **** Incremental Build of configuration Debug for project Aufgabenblock__2 ****
Info: Internal Builder is used for build
g++ -std=c++17 "-IC:\\boost" -O0 -g3 -Wall -c -fmessage-length=0 -o main.o "..\\main.cpp" 
In file included from ..\main.cpp:24:
..\SimuClient.h:2: warning: ignoring '#pragma warning ' [-Wunknown-pragmas]
    2 | #pragma warning (disable:4786)
      | 
g++ -std=c++17 "-IC:\\boost" -O0 -g3 -Wall -c -fmessage-length=0 -o Fahrzeug.o "..\\Fahrzeug.cpp" 
g++ "-LC:\\boost\\libs" -o Aufgabenblock__2.exe Fahrausnahme.o Fahrend.o Fahrrad.o Fahrzeug.o Kreuzung.o Losfahren.o PKW.o Parkend.o SimuClient.o SimuClientSocket.o Simulationsobjekt.o Streckende.o Verhalten.o Weg.o main.o -lws2_32 
14:22:30 **** Incremental Build of configuration Debug for project Aufgabenblock__2 ****
Info: Internal Builder is used for build
g++ -std=c++17 "-IC:\\boost" -O0 -g3 -Wall -c -fmessage-length=0 -o Fahrzeug.o "..\\Fahrzeug.cpp" 
g++ "-LC:\\boost\\libs" -o Aufgabenblock__2.exe Fahrausnahme.o Fahrend.o Fahrrad.o Fahrzeug.o Kreuzung.o Losfahren.o PKW.o Parkend.o SimuClient.o SimuClientSocket.o Simulationsobjekt.o Streckende.o Verhalten.o Weg.o main.o -lws2_32 
14:22:41 **** Incremental Build of configuration Debug for project Aufgabenblock__2 ****
Info: Internal Builder is used for build
g++ -std=c++17 "-IC:\\boost" -O0 -g3 -Wall -c -fmessage-length=0 -o Fahrzeug.o "..\\Fahrzeug.cpp" 
g++ "-LC:\\boost\\libs" -o Aufgabenblock__2.exe Fahrausnahme.o Fahrend.o Fahrrad.o Fahrzeug.o Kreuzung.o Losfahren.o PKW.o Parkend.o SimuClient.o SimuClientSocket.o Simulationsobjekt.o Streckende.o Verhalten.o Weg.o main.o -lws2_32 
14:24:29 **** Incremental Build of configuration Debug for project Aufgabenblock__2 ****
Info: Internal Builder is used for build
g++ -std=c++17 "-IC:\\boost" -O0 -g3 -Wall -c -fmessage-length=0 -o main.o "..\\main.cpp" 
In file included from ..\main.cpp:24:
..\SimuClient.h:2: warning: ignoring '#pragma warning ' [-Wunknown-pragmas]
    2 | #pragma warning (disable:4786)
      | 
g++ "-LC:\\boost\\libs" -o Aufgabenblock__2.exe Fahrausnahme.o Fahrend.o Fahrrad.o Fahrzeug.o Kreuzung.o Losfahren.o PKW.o Parkend.o SimuClient.o SimuClientSocket.o Simulationsobjekt.o Streckende.o Verhalten.o Weg.o main.o -lws2_32 
14:25:49 **** Incremental Build of configuration Debug for project Aufgabenblock__2 ****
Info: Internal Builder is used for build
g++ -std=c++17 "-IC:\\boost" -O0 -g3 -Wall -c -fmessage-length=0 -o main.o "..\\main.cpp" 
In file included from ..\main.cpp:24:
..\SimuClient.h:2: warning: ignoring '#pragma warning ' [-Wunknown-pragmas]
    2 | #pragma warning (disable:4786)
      | 
g++ "-LC:\\boost\\libs" -o Aufgabenblock__2.exe Fahrausnahme.o Fahrend.o Fahrrad.o Fahrzeug.o Kreuzung.o Losfahren.o PKW.o Parkend.o SimuClient.o SimuClientSocket.o Simulationsobjekt.o Streckende.o Verhalten.o Weg.o main.o -lws2_32 
14:27:51 **** Incremental Build of configuration Debug for project Aufgabenblock__2 ****
Info: Internal Builder is used for build
g++ -std=c++17 "-IC:\\boost" -O0 -g3 -Wall -c -fmessage-length=0 -o main.o "..\\main.cpp" 
In file included from ..\main.cpp:24:
..\SimuClient.h:2: warning: ignoring '#pragma warning ' [-Wunknown-pragmas]
    2 | #pragma warning (disable:4786)
      | 
g++ "-LC:\\boost\\libs" -o Aufgabenblock__2.exe Fahrausnahme.o Fahrend.o Fahrrad.o Fahrzeug.o Kreuzung.o Losfahren.o PKW.o Parkend.o SimuClient.o SimuClientSocket.o Simulationsobjekt.o Streckende.o Verhalten.o Weg.o main.o -lws2_32 
14:28:52 **** Incremental Build of configuration Debug for project Aufgabenblock__2 ****
Info: Internal Builder is used for build
g++ -std=c++17 "-IC:\\boost" -O0 -g3 -Wall -c -fmessage-length=0 -o main.o "..\\main.cpp" 
In file included from ..\main.cpp:24:
..\SimuClient.h:2: warning: ignoring '#pragma warning ' [-Wunknown-pragmas]
    2 | #pragma warning (disable:4786)
      | 
g++ "-LC:\\boost\\libs" -o Aufgabenblock__2.exe Fahrausnahme.o Fahrend.o Fahrrad.o Fahrzeug.o Kreuzung.o Losfahren.o PKW.o Parkend.o SimuClient.o SimuClientSocket.o Simulationsobjekt.o Streckende.o Verhalten.o Weg.o main.o -lws2_32 
14:30:01 **** Incremental Build of configuration Debug for project Aufgabenblock__2 ****
Info: Internal Builder is used for build
g++ -std=c++17 "-IC:\\boost" -O0 -g3 -Wall -c -fmessage-length=0 -o main.o "..\\main.cpp" 
In file included from ..\main.cpp:24:
..\SimuClient.h:2: warning: ignoring '#pragma warning ' [-Wunknown-pragmas]
    2 | #pragma warning (disable:4786)
      | 
g++ "-LC:\\boost\\libs" -o Aufgabenblock__2.exe Fahrausnahme.o Fahrend.o Fahrrad.o Fahrzeug.o Kreuzung.o Losfahren.o PKW.o Parkend.o SimuClient.o SimuClientSocket.o Simulationsobjekt.o Streckende.o Verhalten.o Weg.o main.o -lws2_32 
08:51:29 **** Incremental Build of configuration Debug for project Aufgabenblock__2 ****
Info: Internal Builder is used for build
g++ -std=c++17 "-IC:\\boost" -O0 -g3 -Wall -c -fmessage-length=0 -o Fahrausnahme.o "..\\Fahrausnahme.cpp" 
g++ -std=c++17 "-IC:\\boost" -O0 -g3 -Wall -c -fmessage-length=0 -o Weg.o "..\\Weg.cpp" 
g++ -std=c++17 "-IC:\\boost" -O0 -g3 -Wall -c -fmessage-length=0 -o Fahrend.o "..\\Fahrend.cpp" 
g++ -std=c++17 "-IC:\\boost" -O0 -g3 -Wall -c -fmessage-length=0 -o Fahrrad.o "..\\Fahrrad.cpp" 
In file included from ..\Fahrrad.cpp:8:
..\SimuClient.h:2: warning: ignoring '#pragma warning ' [-Wunknown-pragmas]
    2 | #pragma warning (disable:4786)
      | 
g++ -std=c++17 "-IC:\\boost" -O0 -g3 -Wall -c -fmessage-length=0 -o main.o "..\\main.cpp" 
In file included from ..\main.cpp:24:
..\SimuClient.h:2: warning: ignoring '#pragma warning ' [-Wunknown-pragmas]
    2 | #pragma warning (disable:4786)
      | 
g++ -std=c++17 "-IC:\\boost" -O0 -g3 -Wall -c -fmessage-length=0 -o Fahrzeug.o "..\\Fahrzeug.cpp" 
g++ -std=c++17 "-IC:\\boost" -O0 -g3 -Wall -c -fmessage-length=0 -o Simulationsobjekt.o "..\\Simulationsobjekt.cpp" 
In file included from ..\Simulationsobjekt.cpp:8:
..\Simulationsobjekt.h: In constructor 'Simulationsobjekt::Simulationsobjekt()':
..\Simulationsobjekt.h:18:15: warning: 'Simulationsobjekt::p_iID' will be initialized after [-Wreorder]
   18 |     const int p_iID;
      |               ^~~~~
..\Simulationsobjekt.h:17:12: warning:   'double Simulationsobjekt::p_dZeit' [-Wreorder]
   17 |     double p_dZeit;
      |            ^~~~~~~
..\Simulationsobjekt.cpp:14:1: warning:   when initialized here [-Wreorder]
   14 | Simulationsobjekt::Simulationsobjekt() : p_sName("-"), p_iID(++p_iMaxID), p_dZeit(0.0) {
      | ^~~~~~~~~~~~~~~~~
..\Simulationsobjekt.h: In constructor 'Simulationsobjekt::Simulationsobjekt(const std::string&)':
..\Simulationsobjekt.h:18:15: warning: 'Simulationsobjekt::p_iID' will be initialized after [-Wreorder]
   18 |     const int p_iID;
      |               ^~~~~
..\Simulationsobjekt.h:17:12: warning:   'double Simulationsobjekt::p_dZeit' [-Wreorder]
   17 |     double p_dZeit;
      |            ^~~~~~~
..\Simulationsobjekt.cpp:18:1: warning:   when initialized here [-Wreorder]
   18 | Simulationsobjekt::Simulationsobjekt(const std::string& sName) : p_sName(sName), p_iID(++p_iMaxID), p_dZeit(0.0) {
      | ^~~~~~~~~~~~~~~~~
g++ -std=c++17 "-IC:\\boost" -O0 -g3 -Wall -c -fmessage-length=0 -o Streckende.o "..\\Streckende.cpp" 
g++ -std=c++17 "-IC:\\boost" -O0 -g3 -Wall -c -fmessage-length=0 -o Kreuzung.o "..\\Kreuzung.cpp" 
g++ -std=c++17 "-IC:\\boost" -O0 -g3 -Wall -c -fmessage-length=0 -o Parkend.o "..\\Parkend.cpp" 
g++ -std=c++17 "-IC:\\boost" -O0 -g3 -Wall -c -fmessage-length=0 -o Losfahren.o "..\\Losfahren.cpp" 
g++ -std=c++17 "-IC:\\boost" -O0 -g3 -Wall -c -fmessage-length=0 -o Verhalten.o "..\\Verhalten.cpp" 
g++ -std=c++17 "-IC:\\boost" -O0 -g3 -Wall -c -fmessage-length=0 -o PKW.o "..\\PKW.cpp" 
In file included from ..\PKW.cpp:12:
..\SimuClient.h:2: warning: ignoring '#pragma warning ' [-Wunknown-pragmas]
    2 | #pragma warning (disable:4786)
      | 
g++ "-LC:\\boost\\libs" -o Aufgabenblock__2.exe Fahrausnahme.o Fahrend.o Fahrrad.o Fahrzeug.o Kreuzung.o Losfahren.o PKW.o Parkend.o SimuClient.o SimuClientSocket.o Simulationsobjekt.o Streckende.o Verhalten.o Weg.o main.o -lws2_32 
09:31:57 **** Incremental Build of configuration Debug for project Aufgabenblock__2 ****
Info: Internal Builder is used for build
g++ -std=c++17 "-IC:\\boost" -O0 -g3 -Wall -c -fmessage-length=0 -o Parkend.o "..\\Parkend.cpp" 
g++ -std=c++17 "-IC:\\boost" -O0 -g3 -Wall -c -fmessage-length=0 -o Fahrend.o "..\\Fahrend.cpp" 
g++ -std=c++17 "-IC:\\boost" -O0 -g3 -Wall -c -fmessage-length=0 -o Fahrzeug.o "..\\Fahrzeug.cpp" 
g++ -std=c++17 "-IC:\\boost" -O0 -g3 -Wall -c -fmessage-length=0 -o Simulationsobjekt.o "..\\Simulationsobjekt.cpp" 
In file included from ..\Simulationsobjekt.cpp:8:
..\Simulationsobjekt.h: In constructor 'Simulationsobjekt::Simulationsobjekt()':
..\Simulationsobjekt.h:18:15: warning: 'Simulationsobjekt::p_iID' will be initialized after [-Wreorder]
   18 |     const int p_iID;
      |               ^~~~~
..\Simulationsobjekt.h:17:12: warning:   'double Simulationsobjekt::p_dZeit' [-Wreorder]
   17 |     double p_dZeit;
      |            ^~~~~~~
..\Simulationsobjekt.cpp:14:1: warning:   when initialized here [-Wreorder]
   14 | Simulationsobjekt::Simulationsobjekt() : p_sName("-"), p_iID(++p_iMaxID), p_dZeit(0.0) {
      | ^~~~~~~~~~~~~~~~~
..\Simulationsobjekt.h: In constructor 'Simulationsobjekt::Simulationsobjekt(const std::string&)':
..\Simulationsobjekt.h:18:15: warning: 'Simulationsobjekt::p_iID' will be initialized after [-Wreorder]
   18 |     const int p_iID;
      |               ^~~~~
..\Simulationsobjekt.h:17:12: warning:   'double Simulationsobjekt::p_dZeit' [-Wreorder]
   17 |     double p_dZeit;
      |            ^~~~~~~
..\Simulationsobjekt.cpp:18:1: warning:   when initialized here [-Wreorder]
   18 | Simulationsobjekt::Simulationsobjekt(const std::string& sName) : p_sName(sName), p_iID(++p_iMaxID), p_dZeit(0.0) {
      | ^~~~~~~~~~~~~~~~~
g++ -std=c++17 "-IC:\\boost" -O0 -g3 -Wall -c -fmessage-length=0 -o Verhalten.o "..\\Verhalten.cpp" 
g++ -std=c++17 "-IC:\\boost" -O0 -g3 -Wall -c -fmessage-length=0 -o PKW.o "..\\PKW.cpp" 
In file included from ..\PKW.cpp:12:
..\SimuClient.h:2: warning: ignoring '#pragma warning ' [-Wunknown-pragmas]
    2 | #pragma warning (disable:4786)
      | 
g++ -std=c++17 "-IC:\\boost" -O0 -g3 -Wall -c -fmessage-length=0 -o Fahrausnahme.o "..\\Fahrausnahme.cpp" 
g++ -std=c++17 "-IC:\\boost" -O0 -g3 -Wall -c -fmessage-length=0 -o main.o "..\\main.cpp" 
In file included from ..\main.cpp:24:
..\SimuClient.h:2: warning: ignoring '#pragma warning ' [-Wunknown-pragmas]
    2 | #pragma warning (disable:4786)
      | 
g++ -std=c++17 "-IC:\\boost" -O0 -g3 -Wall -c -fmessage-length=0 -o Fahrrad.o "..\\Fahrrad.cpp" 
In file included from ..\Fahrrad.cpp:8:
..\SimuClient.h:2: warning: ignoring '#pragma warning ' [-Wunknown-pragmas]
    2 | #pragma warning (disable:4786)
      | 
g++ -std=c++17 "-IC:\\boost" -O0 -g3 -Wall -c -fmessage-length=0 -o Weg.o "..\\Weg.cpp" 
g++ -std=c++17 "-IC:\\boost" -O0 -g3 -Wall -c -fmessage-length=0 -o Losfahren.o "..\\Losfahren.cpp" 
g++ -std=c++17 "-IC:\\boost" -O0 -g3 -Wall -c -fmessage-length=0 -o Streckende.o "..\\Streckende.cpp" 
g++ -std=c++17 "-IC:\\boost" -O0 -g3 -Wall -c -fmessage-length=0 -o Kreuzung.o "..\\Kreuzung.cpp" 
g++ "-LC:\\boost\\libs" -o Aufgabenblock__2.exe Fahrausnahme.o Fahrend.o Fahrrad.o Fahrzeug.o Kreuzung.o Losfahren.o PKW.o Parkend.o SimuClient.o SimuClientSocket.o Simulationsobjekt.o Streckende.o Verhalten.o Weg.o main.o -lws2_32 
13:16:34 **** Incremental Build of configuration Debug for project Aufgabenblock__2 ****
Info: Internal Builder is used for build
g++ -std=c++17 "-IC:\\boost" -O0 -g3 -Wall -c -fmessage-length=0 -o main.o "..\\main.cpp" 
In file included from ..\main.cpp:24:
..\SimuClient.h:2: warning: ignoring '#pragma warning ' [-Wunknown-pragmas]
    2 | #pragma warning (disable:4786)
      | 
g++ -std=c++17 "-IC:\\boost" -O0 -g3 -Wall -c -fmessage-length=0 -o Fahrend.o "..\\Fahrend.cpp" 
g++ "-LC:\\boost\\libs" -o Aufgabenblock__2.exe Fahrausnahme.o Fahrend.o Fahrrad.o Fahrzeug.o Kreuzung.o Losfahren.o PKW.o Parkend.o SimuClient.o SimuClientSocket.o Simulationsobjekt.o Streckende.o Verhalten.o Weg.o main.o -lws2_32 
13:21:34 **** Incremental Build of configuration Debug for project Aufgabenblock__2 ****
Info: Internal Builder is used for build
g++ -std=c++17 "-IC:\\boost" -O0 -g3 -Wall -c -fmessage-length=0 -o main.o "..\\main.cpp" 
In file included from ..\main.cpp:24:
..\SimuClient.h:2: warning: ignoring '#pragma warning ' [-Wunknown-pragmas]
    2 | #pragma warning (disable:4786)
      | 
g++ "-LC:\\boost\\libs" -o Aufgabenblock__2.exe Fahrausnahme.o Fahrend.o Fahrrad.o Fahrzeug.o Kreuzung.o Losfahren.o PKW.o Parkend.o SimuClient.o SimuClientSocket.o Simulationsobjekt.o Streckende.o Verhalten.o Weg.o main.o -lws2_32 
13:26:04 **** Incremental Build of configuration Debug for project Aufgabenblock__2 ****
Info: Internal Builder is used for build
g++ -std=c++17 "-IC:\\boost" -O0 -g3 -Wall -c -fmessage-length=0 -o main.o "..\\main.cpp" 
In file included from ..\main.cpp:24:
..\SimuClient.h:2: warning: ignoring '#pragma warning ' [-Wunknown-pragmas]
    2 | #pragma warning (disable:4786)
      | 
g++ "-LC:\\boost\\libs" -o Aufgabenblock__2.exe Fahrausnahme.o Fahrend.o Fahrrad.o Fahrzeug.o Kreuzung.o Losfahren.o PKW.o Parkend.o SimuClient.o SimuClientSocket.o Simulationsobjekt.o Streckende.o Verhalten.o Weg.o main.o -lws2_32 
13:47:27 **** Incremental Build of configuration Debug for project Aufgabenblock__2 ****
Info: Internal Builder is used for build
g++ -std=c++17 "-IC:\\boost" -O0 -g3 -Wall -c -fmessage-length=0 -o main.o "..\\main.cpp" 
In file included from ..\main.cpp:24:
..\SimuClient.h:2: warning: ignoring '#pragma warning ' [-Wunknown-pragmas]
    2 | #pragma warning (disable:4786)
      | 
g++ -std=c++17 "-IC:\\boost" -O0 -g3 -Wall -c -fmessage-length=0 -o Weg.o "..\\Weg.cpp" 
g++ "-LC:\\boost\\libs" -o Aufgabenblock__2.exe Fahrausnahme.o Fahrend.o Fahrrad.o Fahrzeug.o Kreuzung.o Losfahren.o PKW.o Parkend.o SimuClient.o SimuClientSocket.o Simulationsobjekt.o Streckende.o Verhalten.o Weg.o main.o -lws2_32 
08:06:12 **** Rebuild of configuration Debug for project Aufgabenblock__2 ****
Info: Internal Builder is used for build
g++ -std=c++17 "-IC:\\boost" -O0 -g3 -Wall -c -fmessage-length=0 -o Simulationsobjekt.o "..\\Simulationsobjekt.cpp" 
In file included from ..\Simulationsobjekt.cpp:8:
..\Simulationsobjekt.h: In constructor 'Simulationsobjekt::Simulationsobjekt()':
..\Simulationsobjekt.h:18:15: warning: 'Simulationsobjekt::p_iID' will be initialized after [-Wreorder]
   18 |     const int p_iID;
      |               ^~~~~
..\Simulationsobjekt.h:17:12: warning:   'double Simulationsobjekt::p_dZeit' [-Wreorder]
   17 |     double p_dZeit;
      |            ^~~~~~~
..\Simulationsobjekt.cpp:14:1: warning:   when initialized here [-Wreorder]
   14 | Simulationsobjekt::Simulationsobjekt() : p_sName("-"), p_iID(++p_iMaxID), p_dZeit(0.0) {
      | ^~~~~~~~~~~~~~~~~
..\Simulationsobjekt.h: In constructor 'Simulationsobjekt::Simulationsobjekt(const std::string&)':
..\Simulationsobjekt.h:18:15: warning: 'Simulationsobjekt::p_iID' will be initialized after [-Wreorder]
   18 |     const int p_iID;
      |               ^~~~~
..\Simulationsobjekt.h:17:12: warning:   'double Simulationsobjekt::p_dZeit' [-Wreorder]
   17 |     double p_dZeit;
      |            ^~~~~~~
..\Simulationsobjekt.cpp:18:1: warning:   when initialized here [-Wreorder]
   18 | Simulationsobjekt::Simulationsobjekt(const std::string& sName) : p_sName(sName), p_iID(++p_iMaxID), p_dZeit(0.0) {
      | ^~~~~~~~~~~~~~~~~
g++ -std=c++17 "-IC:\\boost" -O0 -g3 -Wall -c -fmessage-length=0 -o PKW.o "..\\PKW.cpp" 
In file included from ..\PKW.cpp:12:
..\SimuClient.h:2: warning: ignoring '#pragma warning ' [-Wunknown-pragmas]
    2 | #pragma warning (disable:4786)
      | 
g++ -std=c++17 "-IC:\\boost" -O0 -g3 -Wall -c -fmessage-length=0 -o SimuClientSocket.o "..\\SimuClientSocket.cpp" 
g++ -std=c++17 "-IC:\\boost" -O0 -g3 -Wall -c -fmessage-length=0 -o Fahrend.o "..\\Fahrend.cpp" 
g++ -std=c++17 "-IC:\\boost" -O0 -g3 -Wall -c -fmessage-length=0 -o Fahrrad.o "..\\Fahrrad.cpp" 
In file included from ..\Fahrrad.cpp:8:
..\SimuClient.h:2: warning: ignoring '#pragma warning ' [-Wunknown-pragmas]
    2 | #pragma warning (disable:4786)
      | 
g++ -std=c++17 "-IC:\\boost" -O0 -g3 -Wall -c -fmessage-length=0 -o Weg.o "..\\Weg.cpp" 
g++ -std=c++17 "-IC:\\boost" -O0 -g3 -Wall -c -fmessage-length=0 -o Fahrzeug.o "..\\Fahrzeug.cpp" 
g++ -std=c++17 "-IC:\\boost" -O0 -g3 -Wall -c -fmessage-length=0 -o Kreuzung.o "..\\Kreuzung.cpp" 
g++ -std=c++17 "-IC:\\boost" -O0 -g3 -Wall -c -fmessage-length=0 -o Verhalten.o "..\\Verhalten.cpp" 
g++ -std=c++17 "-IC:\\boost" -O0 -g3 -Wall -c -fmessage-length=0 -o main.o "..\\main.cpp" 
In file included from ..\main.cpp:24:
..\SimuClient.h:2: warning: ignoring '#pragma warning ' [-Wunknown-pragmas]
    2 | #pragma warning (disable:4786)
      | 
g++ -std=c++17 "-IC:\\boost" -O0 -g3 -Wall -c -fmessage-length=0 -o Parkend.o "..\\Parkend.cpp" 
g++ -std=c++17 "-IC:\\boost" -O0 -g3 -Wall -c -fmessage-length=0 -o Losfahren.o "..\\Losfahren.cpp" 
g++ -std=c++17 "-IC:\\boost" -O0 -g3 -Wall -c -fmessage-length=0 -o SimuClient.o "..\\SimuClient.cpp" 
In file included from ..\SimuClient.cpp:1:
..\SimuClient.h:2: warning: ignoring '#pragma warning ' [-Wunknown-pragmas]
    2 | #pragma warning (disable:4786)
      | 
g++ -std=c++17 "-IC:\\boost" -O0 -g3 -Wall -c -fmessage-length=0 -o Streckende.o "..\\Streckende.cpp" 
g++ -std=c++17 "-IC:\\boost" -O0 -g3 -Wall -c -fmessage-length=0 -o Fahrausnahme.o "..\\Fahrausnahme.cpp" 
g++ "-LC:\\boost\\libs" -o Aufgabenblock__2.exe Fahrausnahme.o Fahrend.o Fahrrad.o Fahrzeug.o Kreuzung.o Losfahren.o PKW.o Parkend.o SimuClient.o SimuClientSocket.o Simulationsobjekt.o Streckende.o Verhalten.o Weg.o main.o -lws2_32 
Info: Nothing to build for Aufgabenblock__2
Info: Nothing to build for Aufgabenblock__2
17:35:51 **** Incremental Build of configuration Debug for project Aufgabenblock__2 ****
Info: Internal Builder is used for build
g++ -std=c++17 "-IC:\\boost" -O0 -g3 -Wall -c -fmessage-length=0 -o Fahrzeug.o "..\\Fahrzeug.cpp" 
g++ -std=c++17 "-IC:\\boost" -O0 -g3 -Wall -c -fmessage-length=0 -o main.o "..\\main.cpp" 
In file included from ..\main.cpp:24:
..\SimuClient.h:2: warning: ignoring '#pragma warning ' [-Wunknown-pragmas]
    2 | #pragma warning (disable:4786)
      | 
..\main.cpp: In function 'int main()':
..\main.cpp:828:21: error: expected ';' before 'return'
  828 |         vAufgabe_8()
      |                     ^
      |                     ;
  829 |     return 0;
      |     ~~~~~~           
17:36:02 **** Incremental Build of configuration Debug for project Aufgabenblock__2 ****
Info: Internal Builder is used for build
g++ -std=c++17 "-IC:\\boost" -O0 -g3 -Wall -c -fmessage-length=0 -o main.o "..\\main.cpp" 
In file included from ..\main.cpp:24:
..\SimuClient.h:2: warning: ignoring '#pragma warning ' [-Wunknown-pragmas]
    2 | #pragma warning (disable:4786)
      | 
g++ "-LC:\\boost\\libs" -o Aufgabenblock__2.exe Fahrausnahme.o Fahrend.o Fahrrad.o Fahrzeug.o Kreuzung.o Losfahren.o PKW.o Parkend.o SimuClient.o SimuClientSocket.o Simulationsobjekt.o Streckende.o Verhalten.o Weg.o main.o -lws2_32 
Info: Nothing to build for Aufgabenblock__2
Info: Nothing to build for Aufgabenblock__2
Info: Nothing to build for Aufgabenblock__2
Info: Nothing to build for Aufgabenblock__2
Info: Nothing to build for Aufgabenblock__2
Info: Nothing to build for Aufgabenblock__2
Info: Nothing to build for Aufgabenblock__2
Info: Nothing to build for Aufgabenblock__2
Info: Nothing to build for Aufgabenblock__2
Info: Nothing to build for Aufgabenblock__2
Info: Nothing to build for Aufgabenblock__2
Info: Nothing to build for Aufgabenblock__2
Info: Nothing to build for Aufgabenblock__2
Info: Nothing to build for Aufgabenblock__2
Info: Nothing to build for Aufgabenblock__2
Info: Nothing to build for Aufgabenblock__2
Info: Nothing to build for Aufgabenblock__2
23:01:49 **** Rebuild of configuration Debug for project Aufgabenblock_1 ****
Info: Internal Builder is used for build
g++ -std=c++17 "-IC:\\boost" -O0 -g3 -Wall -c -fmessage-length=0 -o PKW.o "..\\PKW.cpp" 
g++ -std=c++17 "-IC:\\boost" -O0 -g3 -Wall -c -fmessage-length=0 -o main.o "..\\main.cpp" 
gcc -O0 -g3 -Wall -c -fmessage-length=0 -o ".metadata\\.plugins\\org.eclipse.cdt.make.core\\specs.o" "..\\.metadata\\.plugins\\org.eclipse.cdt.make.core\\specs.c" 
g++ -std=c++17 "-IC:\\boost" -O0 -g3 -Wall -c -fmessage-length=0 -o Fahrrad.o "..\\Fahrrad.cpp" 
g++ -std=c++17 "-IC:\\boost" -O0 -g3 -Wall -c -fmessage-length=0 -o Fahrzeug.o "..\\Fahrzeug.cpp" 
g++ "-LC:\\boost\\libs" -o Aufgabenblock_1 ".metadata\\.plugins\\org.eclipse.cdt.make.core\\specs.o" ".metadata\\.plugins\\org.eclipse.cdt.make.core\\specs.o" Fahrrad.o Fahrzeug.o PKW.o main.o -lws2_32 
g++ -std=c++17 "-IC:\\boost" -O0 -g3 -Wall -c -fmessage-length=0 -o ".metadata\\.plugins\\org.eclipse.cdt.make.core\\specs.o" "..\\.metadata\\.plugins\\org.eclipse.cdt.make.core\\specs.cpp" 
23:01:58 **** Incremental Build of configuration Debug for project Aufgabenblock__2 ****
Info: Internal Builder is used for build
g++ -std=c++17 "-IC:\\boost" -O0 -g3 -Wall -c -fmessage-length=0 -o main.o "..\\main.cpp" 
In file included from ..\main.cpp:24:
..\SimuClient.h:2: warning: ignoring '#pragma warning ' [-Wunknown-pragmas]
    2 | #pragma warning (disable:4786)
      | 
g++ "-LC:\\boost\\libs" -o Aufgabenblock__2.exe Fahrausnahme.o Fahrend.o Fahrrad.o Fahrzeug.o Kreuzung.o Losfahren.o PKW.o Parkend.o SimuClient.o SimuClientSocket.o Simulationsobjekt.o Streckende.o Verhalten.o Weg.o main.o -lws2_32 
C:/mingw64/bin/../lib/gcc/x86_64-w64-mingw32/13.1.0/../../../../x86_64-w64-mingw32/bin/ld.exe: cannot open output file Aufgabenblock__2.exe: Permission denied
collect2.exe: error: ld returned 1 exit status
Info: Nothing to build for algo
23:02:01 **** Rebuild of configuration Debug for project esto ****
Info: Internal Builder is used for build
gcc -O0 -g3 -Wall -c -fmessage-length=0 -o "src\\esto.o" "..\\src\\esto.c" 
gcc -o esto.exe "src\\esto.o" 
Info: Nothing to build for test
15:25:25 **** Incremental Build of configuration Debug for project Aufgabenblock__2 ****
Info: Internal Builder is used for build
g++ -std=c++17 "-IC:\\boost" -O0 -g3 -Wall -c -fmessage-length=0 -o main.o "..\\main.cpp" 
In file included from ..\main.cpp:24:
..\SimuClient.h:2: warning: ignoring '#pragma warning ' [-Wunknown-pragmas]
    2 | #pragma warning (disable:4786)
      | 
g++ "-LC:\\boost\\libs" -o Aufgabenblock__2.exe Fahrausnahme.o Fahrend.o Fahrrad.o Fahrzeug.o Kreuzung.o Losfahren.o PKW.o Parkend.o SimuClient.o SimuClientSocket.o Simulationsobjekt.o Streckende.o Verhalten.o Weg.o main.o -lws2_32 
